== Abstract Syntax Tree ==
LogicalSink(name=[default_catalog.default_database.targetTable], fields=[d, e])
  LogicalProject(first=[$0], id=[$1])
    LogicalTableScan(table=[[default_catalog, default_database, sourceTable]])

== Optimized Logical Plan ==
DataStreamSink(name=[default_catalog.default_database.targetTable], fields=[d, e])
  StreamTableSourceScan(table=[[default_catalog, default_database, sourceTable]], fields=[first, id], source=[CsvTableSource(read fields: first, id)])

== Physical Execution Plan ==
{
  "nodes" : [ {
    "id" : ,
    "type" : "Source: Custom File source",
    "pact" : "Data Source",
    "contents" : "Source: Custom File source",
    "parallelism" :
  }, {
    "id" : ,
    "type" : "CsvTableSource(read fields: first, id)",
    "pact" : "Operator",
    "contents" : "CsvTableSource(read fields: first, id)",
    "parallelism" :,
    "predecessors" : [ {
      "id" : ,
      "ship_strategy" : "REBALANCE",
      "side" : "second"
    } ]
  }, {
    "id" : ,
    "type" : "Map",
    "pact" : "Operator",
    "contents" : "Map",
    "parallelism" :,
    "predecessors" : [ {
      "id" : ,
      "ship_strategy" : "FORWARD",
      "side" : "second"
    } ]
  }, {
    "id" : ,
    "type" : "to: Row",
    "pact" : "Operator",
    "contents" : "to: Row",
    "parallelism" :,
    "predecessors" : [ {
      "id" : ,
      "ship_strategy" : "FORWARD",
      "side" : "second"
    } ]
  }, {
    "id" : ,
    "type" : "Sink: UnsafeMemoryAppendTableSink(d, e)",
    "pact" : "Data Sink",
    "contents" : "Sink: UnsafeMemoryAppendTableSink(d, e)",
    "parallelism" :,
    "predecessors" : [ {
      "id" : ,
      "ship_strategy" : "FORWARD",
      "side" : "second"
    } ]
  } ]
}
