== Abstract Syntax Tree ==
LogicalLegacySink(name=[`default_catalog`.`default_database`.`MySink`], fields=[first])
+- LogicalProject(first=[$0])
   +- LogicalTableScan(table=[[default_catalog, default_database, MyTable, source: [CsvTableSource(read fields: first, id, score, last)]]])

== Optimized Logical Plan ==
LegacySink(name=[`default_catalog`.`default_database`.`MySink`], fields=[first])
+- LegacyTableSourceScan(table=[[default_catalog, default_database, MyTable, source: [CsvTableSource(read fields: first)]]], fields=[first])

== Physical Execution Plan ==
{
  "nodes" : [ {
    "id" : ,
    "type" : "Source: Custom File source",
    "pact" : "Data Source",
    "contents" : "Source: Custom File source",
    "parallelism" : 1
  }, {
    "id" : ,
    "type" : "CsvTableSource(read fields: first)",
    "pact" : "Operator",
    "contents" : "CsvTableSource(read fields: first)",
    "parallelism" : ,
    "predecessors" : [ {
      "id" : ,
      "ship_strategy" : "REBALANCE",
      "side" : "second"
    } ]
  }, {
    "id" : ,
    "type" : "SourceConversion(table=[default_catalog.default_database.MyTable, source: [CsvTableSource(read fields: first)]], fields=[first])",
    "pact" : "Operator",
    "contents" : "SourceConversion(table=[default_catalog.default_database.MyTable, source: [CsvTableSource(read fields: first)]], fields=[first])",
    "parallelism" : ,
    "predecessors" : [ {
      "id" : ,
      "ship_strategy" : "FORWARD",
      "side" : "second"
    } ]
  }, {
    "id" : ,
    "type" : "SinkConversionToRow",
    "pact" : "Operator",
    "contents" : "SinkConversionToRow",
    "parallelism" : ,
    "predecessors" : [ {
      "id" : ,
      "ship_strategy" : "FORWARD",
      "side" : "second"
    } ]
  }, {
    "id" : ,
    "type" : "Map",
    "pact" : "Operator",
    "contents" : "Map",
    "parallelism" : ,
    "predecessors" : [ {
      "id" : ,
      "ship_strategy" : "FORWARD",
      "side" : "second"
    } ]
  }, {
    "id" : ,
    "type" : "Sink: CsvTableSink(first)",
    "pact" : "Data Sink",
    "contents" : "Sink: CsvTableSink(first)",
    "parallelism" : ,
    "predecessors" : [ {
      "id" : ,
      "ship_strategy" : "FORWARD",
      "side" : "second"
    } ]
  } ]
}
